r3_2_g4xx_pwm_curr_fdbk.c:210:13:R3_2_ADCxInit	8	static
r3_2_g4xx_pwm_curr_fdbk.c:471:13:R3_2_GetPhaseCurrents	16	static
r3_2_g4xx_pwm_curr_fdbk.c:952:10:R3_2_SetADCSampPointPolarization	4	static
r3_2_g4xx_pwm_curr_fdbk.c:1161:13:R3_2_HFCurrentsPolarizationAB	12	static
r3_2_g4xx_pwm_curr_fdbk.c:1199:13:R3_2_HFCurrentsPolarizationC	4	static
r3_2_g4xx_pwm_curr_fdbk.c:1233:13:R3_2_TurnOnLowSides	12	static
r3_2_g4xx_pwm_curr_fdbk.c:1277:13:R3_2_SwitchOnPWM	8	static
r3_2_g4xx_pwm_curr_fdbk.c:1337:13:R3_2_SwitchOffPWM	8	static
r3_2_g4xx_pwm_curr_fdbk.c:1765:13:R3_2_RLGetPhaseCurrents	8	static
r3_2_g4xx_pwm_curr_fdbk.c:1810:13:R3_2_RLTurnOnLowSides	12	static
r3_2_g4xx_pwm_curr_fdbk.c:1851:13:R3_2_RLSwitchOnPWM	16	static
r3_2_g4xx_pwm_curr_fdbk.c:1529:13:R3_2_SetAOReferenceVoltage	16	static
r3_2_g4xx_pwm_curr_fdbk.c:81:13:R3_2_Init	64	static
r3_2_g4xx_pwm_curr_fdbk.c:349:13:R3_2_CurrentReadingPolarization	40	static
r3_2_g4xx_pwm_curr_fdbk.c:634:13:R3_2_GetPhaseCurrents_OVM	16	static
r3_2_g4xx_pwm_curr_fdbk.c:981:10:R3_2_SetADCSampPointSectX	12	static
r3_2_g4xx_pwm_curr_fdbk.c:1053:10:R3_2_SetADCSampPointSectX_OVM	12	static
r3_2_g4xx_pwm_curr_fdbk.c:1393:15:R3_2_TIMx_UP_IRQHandler	24	static
r3_2_g4xx_pwm_curr_fdbk.c:1447:15:R3_2_BRK2_IRQHandler	8	static
r3_2_g4xx_pwm_curr_fdbk.c:1475:15:R3_2_BRK_IRQHandler	0	static
r3_2_g4xx_pwm_curr_fdbk.c:1492:17:R3_2_IsOverCurrentOccurred	0	static
r3_2_g4xx_pwm_curr_fdbk.c:1562:6:R3_2_RLDetectionModeEnable	4	static
r3_2_g4xx_pwm_curr_fdbk.c:1619:6:R3_2_RLDetectionModeDisable	12	static
r3_2_g4xx_pwm_curr_fdbk.c:1702:10:R3_2_RLDetectionModeSetDuty	12	static
r3_2_g4xx_pwm_curr_fdbk.c:1918:6:RLTurnOnLowSidesAndStart	8	static
