pwm_curr_fdbk.c:74:6:PWMC_Clear	0	static
pwm_curr_fdbk.c:105:13:PWMC_GetPhaseCurrents	0	static
pwm_curr_fdbk.c:142:17:PWMC_SetPhaseVoltage	24	static
pwm_curr_fdbk.c:265:13:PWMC_SwitchOffPWM	0	static
pwm_curr_fdbk.c:274:13:PWMC_SwitchOnPWM	0	static
pwm_curr_fdbk.c:291:13:PWMC_CurrentReadingCalibr	16	static
pwm_curr_fdbk.c:333:9:TRC_LPF	0	static
pwm_curr_fdbk.c:355:6:PWMC_CalcPhaseCurrentsEst	40	static
pwm_curr_fdbk.c:391:13:PWMC_TurnOnLowSides	0	static
pwm_curr_fdbk.c:399:17:PWMC_CheckOverCurrent	0	static
pwm_curr_fdbk.c:413:13:PWMC_OCPSetReferenceVoltage	0	static
pwm_curr_fdbk.c:430:13:PWMC_GetTurnOnLowSidesAction	0	static
pwm_curr_fdbk.c:436:13:PWMC_DPWM_ModeEnable	0	static
pwm_curr_fdbk.c:442:13:PWMC_DPWM_ModeDisable	0	static
pwm_curr_fdbk.c:448:13:PWMC_GetDPWM_Mode	0	static
pwm_curr_fdbk.c:454:13:PWMC_RLDetectionModeEnable	0	static
pwm_curr_fdbk.c:463:13:PWMC_RLDetectionModeDisable	0	static
pwm_curr_fdbk.c:481:17:PWMC_RLDetectionModeSetDuty	0	static
pwm_curr_fdbk.c:497:6:PWMC_SetAlignFlag	0	static
pwm_curr_fdbk.c:508:13:PWMC_RegisterGetPhaseCurrentsCallBack	0	static
pwm_curr_fdbk.c:521:13:PWMC_RegisterSwitchOffPwmCallBack	0	static
pwm_curr_fdbk.c:534:13:PWMC_RegisterSwitchonPwmCallBack	0	static
pwm_curr_fdbk.c:547:13:PWMC_RegisterReadingCalibrationCallBack	0	static
pwm_curr_fdbk.c:559:13:PWMC_RegisterTurnOnLowSidesCallBack	0	static
pwm_curr_fdbk.c:571:13:PWMC_RegisterSampPointSectXCallBack	0	static
pwm_curr_fdbk.c:583:13:PWMC_RegisterIsOverCurrentOccurredCallBack	0	static
pwm_curr_fdbk.c:595:13:PWMC_RegisterOCPSetRefVoltageCallBack	0	static
pwm_curr_fdbk.c:606:13:PWMC_RegisterRLDetectionModeEnableCallBack	0	static
pwm_curr_fdbk.c:617:13:PWMC_RegisterRLDetectionModeDisableCallBack	0	static
pwm_curr_fdbk.c:629:13:PWMC_RegisterRLDetectionModeSetDutyCallBack	0	static
pwm_curr_fdbk.c:641:13:PWMC_RegisterIrqHandlerCallBack	0	static
