mc_interface.c:58:13:MCI_Init	4	static
mc_interface.c:85:13:MCI_ExecSpeedRamp	4	static
mc_interface.c:111:13:MCI_ExecTorqueRamp	4	static
mc_interface.c:131:13:MCI_SetCurrentReferences	8	static
mc_interface.c:161:13:MCI_StartMotor	8	static
mc_interface.c:188:13:MCI_StopMotor	0	static
mc_interface.c:202:13:MCI_FaultAcknowledged	0	static
mc_interface.c:222:13:MCI_EncoderAlign	0	static
mc_interface.c:235:13:MCI_ExecBufferedCommands	8	static
mc_interface.c:295:28:MCI_IsCommandAcknowledged	0	static
mc_interface.c:312:17:MCI_GetSTMState	0	static
mc_interface.c:328:17:MCI_GetOccurredFaults	8	static
mc_interface.c:342:17:MCI_GetCurrentFaults	8	static
mc_interface.c:353:23:MCI_GetControlMode	0	static
mc_interface.c:365:16:MCI_GetImposedMotorDirection	0	static
mc_interface.c:402:16:MCI_GetLastRampFinalSpeed	0	static
mc_interface.c:414:16:MCI_GetLastRampFinalTorque	0	static
mc_interface.c:425:17:MCI_GetLastRampFinalDuration	0	static
mc_interface.c:435:13:MCI_RampCompleted	8	static
mc_interface.c:455:13:MCI_StopSpeedRamp	0	static
mc_interface.c:464:13:MCI_StopRamp	0	static
mc_interface.c:477:13:MCI_GetSpdSensorReliability	8	static
mc_interface.c:490:16:MCI_GetAvrgMecSpeedUnit	8	static
mc_interface.c:503:16:MCI_GetMecSpeedRefUnit	0	static
mc_interface.c:513:13:MCI_GetIab	8	static
mc_interface.c:523:20:MCI_GetIalphabeta	8	static
mc_interface.c:533:13:MCI_GetIqd	8	static
mc_interface.c:544:13:MCI_GetIqdHF	8	static
mc_interface.c:554:13:MCI_GetIqdref	8	static
mc_interface.c:564:13:MCI_GetVqd	8	static
mc_interface.c:574:20:MCI_GetValphabeta	8	static
mc_interface.c:585:16:MCI_GetElAngledpp	0	static
mc_interface.c:596:16:MCI_GetTeref	0	static
mc_interface.c:608:16:MCI_GetPhaseCurrentAmplitude	8	static
mc_interface.c:635:16:MCI_GetPhaseVoltageAmplitude	8	static
mc_interface.c:660:13:MCI_Clear_Iqdref	8	static
