mc_tasks.c:523:13:FOC_Clear	24	static
mc_tasks.c:108:13:MCboot	56	static
mc_tasks.c:564:13:FOC_InitAdditionalMethods	0	static
mc_tasks.c:585:13:FOC_CalcCurrRef	16	static
mc_tasks.c:612:13:TSK_SetChargeBootCapDelayM1	0	static
mc_tasks.c:623:13:TSK_ChargeBootCapDelayHasElapsedM1	0	static
mc_tasks.c:639:13:TSK_SetStopPermanencyTimeM1	0	static
mc_tasks.c:650:13:TSK_StopPermanencyTimeHasElapsedM1	0	static
mc_tasks.c:303:13:TSK_MediumFrequencyTaskM1	16	static
mc_tasks.c:242:13:MC_Scheduler	16	static
mc_tasks.c:676:16:TSK_HighFrequencyTask	56	static
mc_tasks.c:800:13:TSK_SafetyTask_PWMOFF	24	static
mc_tasks.c:778:13:TSK_SafetyTask	8	static
mc_tasks.c:224:13:MC_RunMotorControlTasks	8	static
mc_tasks.c:855:23:GetMCI	0	static
mc_tasks.c:871:13:TSK_HardwareFaultTask	8	static
mc_tasks.c:886:13:mc_lock_pins	136	static
