stm32g4xx_hal_msp.c:66:6:HAL_MspInit	16	static
stm32g4xx_hal_msp.c:96:6:HAL_ADC_MspInit	64	static
stm32g4xx_hal_msp.c:166:6:HAL_ADC_MspDeInit	8	static
stm32g4xx_hal_msp.c:241:6:HAL_COMP_MspInit	48	static
stm32g4xx_hal_msp.c:310:6:HAL_COMP_MspDeInit	0	static
stm32g4xx_hal_msp.c:366:6:HAL_CORDIC_MspInit	8	static
stm32g4xx_hal_msp.c:388:6:HAL_CORDIC_MspDeInit	0	static
stm32g4xx_hal_msp.c:410:6:HAL_DAC_MspInit	8	static
stm32g4xx_hal_msp.c:432:6:HAL_DAC_MspDeInit	0	static
stm32g4xx_hal_msp.c:454:6:HAL_FDCAN_MspInit	56	static
stm32g4xx_hal_msp.c:498:6:HAL_FDCAN_MspDeInit	8	static
stm32g4xx_hal_msp.c:529:6:HAL_OPAMP_MspInit	48	static
stm32g4xx_hal_msp.c:604:6:HAL_OPAMP_MspDeInit	0	static
stm32g4xx_hal_msp.c:666:6:HAL_TIM_Base_MspInit	8	static
stm32g4xx_hal_msp.c:688:6:HAL_TIM_Encoder_MspInit	64	static
stm32g4xx_hal_msp.c:750:6:HAL_TIM_MspPostInit	64	static
stm32g4xx_hal_msp.c:803:6:HAL_TIM_Base_MspDeInit	8	static
stm32g4xx_hal_msp.c:829:6:HAL_TIM_Encoder_MspDeInit	8	static
